###############################################################################
#
# IAR ELF Linker V8.11.2.13589/W32 for ARM                05/Mar/2025  18:37:01
# Copyright 2007-2017 IAR Systems AB.
#
#    Output file  =  
#        C:\Users\Pz\Desktop\Education STM_C-C++\0_Testing\5_PWM\1_Simple
#        PWM\Debug\Exe\Simple PWM.out
#    Map file     =  
#        C:\Users\Pz\Desktop\Education STM_C-C++\0_Testing\5_PWM\1_Simple
#        PWM\Debug\List\Simple PWM.map
#    Command line =  
#        -f C:\Users\Pz\AppData\Local\Temp\EW77C1.tmp
#        ("C:\Users\Pz\Desktop\Education STM_C-C++\0_Testing\5_PWM\1_Simple
#        PWM\Debug\Obj\main.o" "C:\Users\Pz\Desktop\Education
#        STM_C-C++\0_Testing\5_PWM\1_Simple
#        PWM\Debug\Obj\startup_stm32f103xb.o" "C:\Users\Pz\Desktop\Education
#        STM_C-C++\0_Testing\5_PWM\1_Simple PWM\Debug\Obj\system_stm32f1xx.o"
#        -o "C:\Users\Pz\Desktop\Education STM_C-C++\0_Testing\5_PWM\1_Simple
#        PWM\Debug\Exe\Simple PWM.out" --redirect _Printf=_PrintfFullNoMb
#        --redirect _Scanf=_ScanfFullNoMb --map "C:\Users\Pz\Desktop\Education
#        STM_C-C++\0_Testing\5_PWM\1_Simple PWM\Debug\List\Simple PWM.map"
#        --config "C:\Program Files (x86)\IAR Systems\Embedded Workbench
#        8.0\arm\config\linker\ST\stm32f103x8.icf" --semihosting --entry
#        __iar_program_start --vfe --text_out locale)
#
###############################################################################

*******************************************************************************
*** RUNTIME MODEL ATTRIBUTES
***

CppFlavor       = *
__SystemLibrary = DLib
__dlib_version  = 6


*******************************************************************************
*** HEAP SELECTION
***

The basic heap was selected because no calls to memory allocation
functions were found in the application outside of system library
functions, and there are calls to deallocation functions in the
application.


*******************************************************************************
*** PLACEMENT SUMMARY
***

"A0":  place at 0x08000000 { ro section .intvec };
"P1":  place in [from 0x08000000 to 0x0800ffff] { ro };
define block CSTACK with size = 2K, alignment = 8 { };
define block HEAP with size = 2K, alignment = 8 { };
"P2":  place in [from 0x20000000 to 0x20004fff] {
          rw, block CSTACK, block HEAP };

  Section   Kind        Address   Size  Object
  -------   ----        -------   ----  ------
"A0":                             0xec
  .intvec   ro code  0x08000000   0xec  startup_stm32f103xb.o [1]
                   - 0x080000ec   0xec

"P1":                            0x304
  .text     ro code  0x080000ec  0x16c  main.o [1]
  .text     ro code  0x08000258   0x68  system_stm32f1xx.o [1]
  .text     ro code  0x080002c0   0x1a  cmain.o [4]
  .text     ro code  0x080002da    0x4  low_level_init.o [3]
  .text     ro code  0x080002de    0x4  exit.o [3]
  .text     ro code  0x080002e4    0xa  cexit.o [4]
  .text     ro code  0x080002f0   0x14  exit.o [5]
  .text     ro code  0x08000304   0x10  startup_stm32f103xb.o [1]
  .text     ro code  0x08000314    0xc  cstartup_M.o [4]
  .text     ro code  0x08000320    0x4  startup_stm32f103xb.o [1]
  .text     ro code  0x08000324    0x4  startup_stm32f103xb.o [1]
  .text     ro code  0x08000328    0x4  startup_stm32f103xb.o [1]
  .text     ro code  0x0800032c    0x4  startup_stm32f103xb.o [1]
  .text     ro code  0x08000330    0x4  startup_stm32f103xb.o [1]
  .text     ro code  0x08000334    0x4  startup_stm32f103xb.o [1]
  .text     ro code  0x08000338    0x4  startup_stm32f103xb.o [1]
  .text     ro code  0x0800033c    0x4  startup_stm32f103xb.o [1]
  .text     ro code  0x08000340    0x4  startup_stm32f103xb.o [1]
  .text     ro code  0x08000344    0x4  startup_stm32f103xb.o [1]
  .text     ro code  0x08000348    0x4  startup_stm32f103xb.o [1]
  .text     ro code  0x0800034c    0x4  startup_stm32f103xb.o [1]
  .text     ro code  0x08000350    0x4  startup_stm32f103xb.o [1]
  .text     ro code  0x08000354    0x4  startup_stm32f103xb.o [1]
  .text     ro code  0x08000358    0x4  startup_stm32f103xb.o [1]
  .text     ro code  0x0800035c    0x4  startup_stm32f103xb.o [1]
  .text     ro code  0x08000360    0x4  startup_stm32f103xb.o [1]
  .text     ro code  0x08000364    0x4  startup_stm32f103xb.o [1]
  .text     ro code  0x08000368    0x4  startup_stm32f103xb.o [1]
  .text     ro code  0x0800036c    0x4  startup_stm32f103xb.o [1]
  .text     ro code  0x08000370    0x4  startup_stm32f103xb.o [1]
  .text     ro code  0x08000374    0x4  startup_stm32f103xb.o [1]
  .text     ro code  0x08000378    0x4  startup_stm32f103xb.o [1]
  .text     ro code  0x0800037c    0x4  startup_stm32f103xb.o [1]
  .text     ro code  0x08000380    0x4  startup_stm32f103xb.o [1]
  .text     ro code  0x08000384    0x4  startup_stm32f103xb.o [1]
  .text     ro code  0x08000388    0x4  startup_stm32f103xb.o [1]
  .text     ro code  0x0800038c    0x4  startup_stm32f103xb.o [1]
  .text     ro code  0x08000390    0x4  startup_stm32f103xb.o [1]
  .text     ro code  0x08000394    0x4  startup_stm32f103xb.o [1]
  .text     ro code  0x08000398    0x4  startup_stm32f103xb.o [1]
  .text     ro code  0x0800039c    0x4  startup_stm32f103xb.o [1]
  .text     ro code  0x080003a0    0x4  startup_stm32f103xb.o [1]
  .text     ro code  0x080003a4    0x4  startup_stm32f103xb.o [1]
  .text     ro code  0x080003a8    0x4  startup_stm32f103xb.o [1]
  .text     ro code  0x080003ac    0x4  startup_stm32f103xb.o [1]
  .text     ro code  0x080003b0    0x4  startup_stm32f103xb.o [1]
  .text     ro code  0x080003b4    0x4  startup_stm32f103xb.o [1]
  .text     ro code  0x080003b8    0x4  startup_stm32f103xb.o [1]
  .text     ro code  0x080003bc    0x4  startup_stm32f103xb.o [1]
  .text     ro code  0x080003c0    0x4  startup_stm32f103xb.o [1]
  .text     ro code  0x080003c4    0x4  startup_stm32f103xb.o [1]
  .text     ro code  0x080003c8    0x4  startup_stm32f103xb.o [1]
  .text     ro code  0x080003cc    0x4  startup_stm32f103xb.o [1]
  .text     ro code  0x080003d0    0x4  startup_stm32f103xb.o [1]
  .text     ro code  0x080003d4    0x4  startup_stm32f103xb.o [1]
  .text     ro code  0x080003d8    0x4  startup_stm32f103xb.o [1]
  .text     ro code  0x080003dc    0x4  startup_stm32f103xb.o [1]
  .text     ro code  0x080003e0    0x4  startup_stm32f103xb.o [1]
  .text     ro code  0x080003e4    0x4  startup_stm32f103xb.o [1]
  .text     ro code  0x080003e8    0x4  startup_stm32f103xb.o [1]
  .text     ro code  0x080003ec    0x4  startup_stm32f103xb.o [1]
                   - 0x080003f0  0x304

"P2":                            0x800
  CSTACK             0x20000000  0x800  <Block>
    CSTACK  uninit   0x20000000  0x800  <Block tail>
                   - 0x20000800  0x800



*******************************************************************************
*** MODULE SUMMARY
***

    Module                 ro code  rw data
    ------                 -------  -------
C:\Users\Pz\Desktop\Education STM_C-C++\0_Testing\5_PWM\1_Simple PWM\Debug\Obj: [1]
    main.o                     364
    startup_stm32f103xb.o      460
    system_stm32f1xx.o         104
    ---------------------------------------
    Total:                     928

command line: [2]
    ---------------------------------------
    Total:

dl7M_tln.a: [3]
    exit.o                       4
    low_level_init.o             4
    ---------------------------------------
    Total:                       8

rt7M_tl.a: [4]
    cexit.o                     10
    cmain.o                     26
    cstartup_M.o                12
    ---------------------------------------
    Total:                      48

shb_l.a: [5]
    exit.o                      20
    ---------------------------------------
    Total:                      20

    Gaps                         4
    Linker created                    2 048
-------------------------------------------
    Grand Total:             1 008    2 048


*******************************************************************************
*** ENTRY LIST
***

Entry                      Address  Size  Type      Object
-----                      -------  ----  ----      ------
?main                   0x080002c1        Code  Gb  cmain.o [4]
CSTACK$$Base            0x20000000         --   Gb  - Linker created -
CSTACK$$Limit           0x20000800         --   Gb  - Linker created -
Region$$Table$$Base     0x00000000         --   Gb  - Linker created -
Region$$Table$$Limit    0x00000000         --   Gb  - Linker created -
SystemInit              0x08000259  0x4e  Code  Gb  system_stm32f1xx.o [1]
System_Clock_Config     0x080000f9  0x92  Code  Gb  main.o [1]
TIM4_PWM_OUTPUT_Config  0x0800018b  0x9a  Code  Gb  main.o [1]
__cmain                 0x080002c1        Code  Gb  cmain.o [4]
__exit                  0x080002f1  0x14  Code  Gb  exit.o [5]
__iar_program_start     0x08000315        Code  Gb  cstartup_M.o [4]
__iar_systems$$module {Abs}
                        0x00000001        Data  Gb  command line/config [2]
__low_level_init        0x080002db   0x4  Code  Gb  low_level_init.o [3]
__vector_table          0x08000000        Data  Gb  startup_stm32f103xb.o [1]
_call_main              0x080002cd        Code  Gb  cmain.o [4]
_exit                   0x080002e5        Code  Gb  cexit.o [4]
_main                   0x080002d7        Code  Gb  cmain.o [4]
exit                    0x080002df   0x4  Code  Gb  exit.o [3]
main                    0x080000ed   0xc  Code  Gb  main.o [1]


[1] = C:\Users\Pz\Desktop\Education STM_C-C++\0_Testing\5_PWM\1_Simple PWM\Debug\Obj
[2] = command line
[3] = dl7M_tln.a
[4] = rt7M_tl.a
[5] = shb_l.a

  1 008 bytes of readonly  code memory
  2 048 bytes of readwrite data memory

Errors: none
Warnings: none
